<?xml version="1.0" encoding="UTF-8"?>
<TestRun id="f7828627-58ec-403c-b79e-301ea65e254e" name="PaulCain@PAULCAIN-LAPTOP 2011-04-04 09:18:11" runUser="PaulCain-LAPTOP\PaulCain" xmlns="http://microsoft.com/schemas/VisualStudio/TeamTest/2006">
  <TestRunConfiguration name="Local Test Run" id="eee8f7b1-74d7-4c3b-b079-322de6842498">
    <Description>This is a default test run configuration for a local test run.</Description>
    <Deployment runDeploymentRoot="C:\Users\PaulCain\Documents\Visual Studio 2008\Projects\BuddhistScriptConverter\TestResults\PaulCain_PAULCAIN-LAPTOP 2011-04-04 09_18_11">
      <DeploymentItem filename="C:\Users\PaulCain\Documents\Visual Studio 2008\Projects\BuddhistScriptConverter\BuddhistScriptConverter\bin\Debug\BuddhistScriptConverter.dll" />
      <DeploymentItem filename="C:\Users\PaulCain\Documents\Visual Studio 2008\Projects\BuddhistScriptConverter\MyInstaller\bin\Debug\MyInstaller.dll" />
    </Deployment>
    <TestTypeSpecific />
  </TestRunConfiguration>
  <ResultSummary outcome="Failed">
    <Counters total="6" executed="6" passed="5" error="0" failed="1" timeout="0" aborted="0" inconclusive="0" passedButRunAborted="0" notRunnable="0" notExecuted="0" disconnected="0" warning="0" completed="0" inProgress="0" pending="0" />
  </ResultSummary>
  <Times creation="2011-04-04T09:18:11.4754381+05:30" queuing="2011-04-04T09:18:12.4264813+05:30" start="2011-04-04T09:18:12.4714839+05:30" finish="2011-04-04T09:18:13.5105433+05:30" />
  <TestDefinitions>
    <UnitTest name="InstallFont_EmptyStringFontName_ThrowsException" storage="c:\users\paulcain\documents\visual studio 2008\projects\buddhistscriptconverter\testproject1\bin\debug\testproject1.dll" id="7443e6e1-8600-5033-477e-069b45bbff9b">
      <Css projectStructure="" iteration="" />
      <Description>Confirm that empty string font names throw an ArgumentException</Description>
      <Owners>
        <Owner name="InstallFont()" />
      </Owners>
      <Execution id="f2dfd793-81f6-4eb1-97bb-20d44f6adc3a" />
      <TestMethod codeBase="C:\Users\PaulCain\Documents\Visual Studio 2008\Projects\BuddhistScriptConverter\TestProject1\bin\Debug\TestProject1.dll" adapterTypeName="Microsoft.VisualStudio.TestTools.TestTypes.Unit.UnitTestAdapter, Microsoft.VisualStudio.QualityTools.Tips.UnitTest.Adapter, Version=9.0.0.0, Culture=neutral, PublicKeyToken=b03f5f7f11d50a3a" className="TestProject1.MyFontInstallerNonAdminTest, TestProject1" name="InstallFont_EmptyStringFontName_ThrowsException" />
    </UnitTest>
    <UnitTest name="InstallFont_FontFileNotExists_ThrowsException" storage="c:\users\paulcain\documents\visual studio 2008\projects\buddhistscriptconverter\testproject1\bin\debug\testproject1.dll" id="3863064c-1af8-848a-1330-1b00be75e070">
      <Css projectStructure="" iteration="" />
      <Description>Confirm that non-existent files throw a IO.FileNotFoundException</Description>
      <Owners>
        <Owner name="InstallFont()" />
      </Owners>
      <Execution id="c80ab33b-45de-476f-8b1c-5d367e69ee85" />
      <TestMethod codeBase="C:\Users\PaulCain\Documents\Visual Studio 2008\Projects\BuddhistScriptConverter\TestProject1\bin\Debug\TestProject1.dll" adapterTypeName="Microsoft.VisualStudio.TestTools.TestTypes.Unit.UnitTestAdapter, Microsoft.VisualStudio.QualityTools.Tips.UnitTest.Adapter, Version=9.0.0.0, Culture=neutral, PublicKeyToken=b03f5f7f11d50a3a" className="TestProject1.MyFontInstallerNonAdminTest, TestProject1" name="InstallFont_FontFileNotExists_ThrowsException" />
    </UnitTest>
    <UnitTest name="InstallFont_InsufficientRegistryPermission_ThrowsException" storage="c:\users\paulcain\documents\visual studio 2008\projects\buddhistscriptconverter\testproject1\bin\debug\testproject1.dll" id="59b36213-0dd7-0548-f6b0-f45f03a6f0ae">
      <Css projectStructure="" iteration="" />
      <Description>Confirm that registry updates with administrator permission throw System.Security.SecurityException</Description>
      <Owners>
        <Owner name="InstallFont()" />
      </Owners>
      <Execution id="ea62b1e4-24c7-448c-8492-2e9904fe0007" />
      <TestMethod codeBase="C:\Users\PaulCain\Documents\Visual Studio 2008\Projects\BuddhistScriptConverter\TestProject1\bin\Debug\TestProject1.dll" adapterTypeName="Microsoft.VisualStudio.TestTools.TestTypes.Unit.UnitTestAdapter, Microsoft.VisualStudio.QualityTools.Tips.UnitTest.Adapter, Version=9.0.0.0, Culture=neutral, PublicKeyToken=b03f5f7f11d50a3a" className="TestProject1.MyFontInstallerNonAdminTest, TestProject1" name="InstallFont_InsufficientRegistryPermission_ThrowsException" />
    </UnitTest>
    <UnitTest name="InstallFont_NullFontName_ThrowsException" storage="c:\users\paulcain\documents\visual studio 2008\projects\buddhistscriptconverter\testproject1\bin\debug\testproject1.dll" id="089bd9ea-d2d4-23d7-5914-61b7d5d20256">
      <Css projectStructure="" iteration="" />
      <Description>Confirm that empty string font names throw a NullReferenceException</Description>
      <Owners>
        <Owner name="InstallFont()" />
      </Owners>
      <Execution id="435a4379-660d-45c5-86e3-32dc65e082d7" />
      <TestMethod codeBase="C:\Users\PaulCain\Documents\Visual Studio 2008\Projects\BuddhistScriptConverter\TestProject1\bin\Debug\TestProject1.dll" adapterTypeName="Microsoft.VisualStudio.TestTools.TestTypes.Unit.UnitTestAdapter, Microsoft.VisualStudio.QualityTools.Tips.UnitTest.Adapter, Version=9.0.0.0, Culture=neutral, PublicKeyToken=b03f5f7f11d50a3a" className="TestProject1.MyFontInstallerNonAdminTest, TestProject1" name="InstallFont_NullFontName_ThrowsException" />
    </UnitTest>
    <UnitTest name="UnIinstallFont_InsufficientRegistryPermission_RollsbackFileCopy" storage="c:\users\paulcain\documents\visual studio 2008\projects\buddhistscriptconverter\testproject1\bin\debug\testproject1.dll" id="2d3f831b-6387-1c76-7775-2c55bcff5444">
      <Css projectStructure="" iteration="" />
      <Description>Confirm that registry updates without administrator permission throw System.Security.SecurityException</Description>
      <Owners>
        <Owner name="UninstallFont()" />
      </Owners>
      <Execution id="15769625-34dc-4b81-86e1-b2d84b99f631" />
      <TestMethod codeBase="C:\Users\PaulCain\Documents\Visual Studio 2008\Projects\BuddhistScriptConverter\TestProject1\bin\Debug\TestProject1.dll" adapterTypeName="Microsoft.VisualStudio.TestTools.TestTypes.Unit.UnitTestAdapter, Microsoft.VisualStudio.QualityTools.Tips.UnitTest.Adapter, Version=9.0.0.0, Culture=neutral, PublicKeyToken=b03f5f7f11d50a3a" className="TestProject1.MyFontInstallerNonAdminTest, TestProject1" name="UnIinstallFont_InsufficientRegistryPermission_RollsbackFileCopy" />
    </UnitTest>
    <UnitTest name="InstallFont_InsufficientRegistryPermission_RollsbackFileCopy" storage="c:\users\paulcain\documents\visual studio 2008\projects\buddhistscriptconverter\testproject1\bin\debug\testproject1.dll" id="aa67013b-b55e-6aa1-774f-963f13e6c006">
      <Css projectStructure="" iteration="" />
      <Description>Confirm that registry updates without administrator rollback the any file copy changes</Description>
      <Owners>
        <Owner name="InstallFont()" />
      </Owners>
      <Execution id="34bb4e94-43ae-4d5e-a414-aae4921460a7" />
      <TestMethod codeBase="C:\Users\PaulCain\Documents\Visual Studio 2008\Projects\BuddhistScriptConverter\TestProject1\bin\Debug\TestProject1.dll" adapterTypeName="Microsoft.VisualStudio.TestTools.TestTypes.Unit.UnitTestAdapter, Microsoft.VisualStudio.QualityTools.Tips.UnitTest.Adapter, Version=9.0.0.0, Culture=neutral, PublicKeyToken=b03f5f7f11d50a3a" className="TestProject1.MyFontInstallerNonAdminTest, TestProject1" name="InstallFont_InsufficientRegistryPermission_RollsbackFileCopy" />
    </UnitTest>
  </TestDefinitions>
  <TestLists>
    <TestList name="Results Not in a List" id="8c84fa94-04c1-424b-9868-57a2d4851a1d" />
    <TestList name="All Loaded Results" id="19431567-8539-422a-85d7-44ee4e166bda" />
  </TestLists>
  <TestEntries>
    <TestEntry testId="089bd9ea-d2d4-23d7-5914-61b7d5d20256" executionId="435a4379-660d-45c5-86e3-32dc65e082d7" testListId="8c84fa94-04c1-424b-9868-57a2d4851a1d" />
    <TestEntry testId="2d3f831b-6387-1c76-7775-2c55bcff5444" executionId="15769625-34dc-4b81-86e1-b2d84b99f631" testListId="8c84fa94-04c1-424b-9868-57a2d4851a1d" />
    <TestEntry testId="3863064c-1af8-848a-1330-1b00be75e070" executionId="c80ab33b-45de-476f-8b1c-5d367e69ee85" testListId="8c84fa94-04c1-424b-9868-57a2d4851a1d" />
    <TestEntry testId="59b36213-0dd7-0548-f6b0-f45f03a6f0ae" executionId="ea62b1e4-24c7-448c-8492-2e9904fe0007" testListId="8c84fa94-04c1-424b-9868-57a2d4851a1d" />
    <TestEntry testId="7443e6e1-8600-5033-477e-069b45bbff9b" executionId="f2dfd793-81f6-4eb1-97bb-20d44f6adc3a" testListId="8c84fa94-04c1-424b-9868-57a2d4851a1d" />
    <TestEntry testId="aa67013b-b55e-6aa1-774f-963f13e6c006" executionId="34bb4e94-43ae-4d5e-a414-aae4921460a7" testListId="8c84fa94-04c1-424b-9868-57a2d4851a1d" />
  </TestEntries>
  <Results>
    <UnitTestResult executionId="435a4379-660d-45c5-86e3-32dc65e082d7" testId="089bd9ea-d2d4-23d7-5914-61b7d5d20256" testName="InstallFont_NullFontName_ThrowsException" computerName="PAULCAIN-LAPTOP" duration="00:00:00.0645018" startTime="2011-04-04T09:18:12.5434880+05:30" endTime="2011-04-04T09:18:13.2825303+05:30" testType="13cdc9d9-ddb5-4fa4-a97d-d965ccfc6d4b" outcome="Passed" testListId="8c84fa94-04c1-424b-9868-57a2d4851a1d">
      <Output>
      </Output>
    </UnitTestResult>
    <UnitTestResult executionId="15769625-34dc-4b81-86e1-b2d84b99f631" testId="2d3f831b-6387-1c76-7775-2c55bcff5444" testName="UnIinstallFont_InsufficientRegistryPermission_RollsbackFileCopy" computerName="PAULCAIN-LAPTOP" duration="00:00:00.0029091" startTime="2011-04-04T09:18:13.2835304+05:30" endTime="2011-04-04T09:18:13.2925309+05:30" testType="13cdc9d9-ddb5-4fa4-a97d-d965ccfc6d4b" outcome="Failed" testListId="8c84fa94-04c1-424b-9868-57a2d4851a1d">
      <Output>
        <ErrorInfo>
          <Message>Test method TestProject1.MyFontInstallerNonAdminTest.UnIinstallFont_InsufficientRegistryPermission_RollsbackFileCopy did not throw expected exception System.Security.SecurityException.</Message>
        </ErrorInfo>
      </Output>
    </UnitTestResult>
    <UnitTestResult executionId="c80ab33b-45de-476f-8b1c-5d367e69ee85" testId="3863064c-1af8-848a-1330-1b00be75e070" testName="InstallFont_FontFileNotExists_ThrowsException" computerName="PAULCAIN-LAPTOP" duration="00:00:00.0036352" startTime="2011-04-04T09:18:13.2925309+05:30" endTime="2011-04-04T09:18:13.3005313+05:30" testType="13cdc9d9-ddb5-4fa4-a97d-d965ccfc6d4b" outcome="Passed" testListId="8c84fa94-04c1-424b-9868-57a2d4851a1d">
      <Output>
      </Output>
    </UnitTestResult>
    <UnitTestResult executionId="ea62b1e4-24c7-448c-8492-2e9904fe0007" testId="59b36213-0dd7-0548-f6b0-f45f03a6f0ae" testName="InstallFont_InsufficientRegistryPermission_ThrowsException" computerName="PAULCAIN-LAPTOP" duration="00:00:00.0013687" startTime="2011-04-04T09:18:13.3025314+05:30" endTime="2011-04-04T09:18:13.3105319+05:30" testType="13cdc9d9-ddb5-4fa4-a97d-d965ccfc6d4b" outcome="Passed" testListId="8c84fa94-04c1-424b-9868-57a2d4851a1d">
      <Output>
      </Output>
    </UnitTestResult>
    <UnitTestResult executionId="f2dfd793-81f6-4eb1-97bb-20d44f6adc3a" testId="7443e6e1-8600-5033-477e-069b45bbff9b" testName="InstallFont_EmptyStringFontName_ThrowsException" computerName="PAULCAIN-LAPTOP" duration="00:00:00.0009142" startTime="2011-04-04T09:18:13.3195324+05:30" endTime="2011-04-04T09:18:13.3285329+05:30" testType="13cdc9d9-ddb5-4fa4-a97d-d965ccfc6d4b" outcome="Passed" testListId="8c84fa94-04c1-424b-9868-57a2d4851a1d">
      <Output>
      </Output>
    </UnitTestResult>
    <UnitTestResult executionId="34bb4e94-43ae-4d5e-a414-aae4921460a7" testId="aa67013b-b55e-6aa1-774f-963f13e6c006" testName="InstallFont_InsufficientRegistryPermission_RollsbackFileCopy" computerName="PAULCAIN-LAPTOP" duration="00:00:00.1667923" startTime="2011-04-04T09:18:13.3315331+05:30" endTime="2011-04-04T09:18:13.5035429+05:30" testType="13cdc9d9-ddb5-4fa4-a97d-d965ccfc6d4b" outcome="Passed" testListId="8c84fa94-04c1-424b-9868-57a2d4851a1d">
      <Output>
      </Output>
    </UnitTestResult>
  </Results>
</TestRun>